Sat Jun 16 18:48:14 WIB 2018	Running fitting using parallel processing, with 720 data and 5 builder. current time ms: 1529149694075
Sat Jun 16 18:48:14 WIB 2018	[DATA_PRODUCER_FIT 1] : Getting all dataset
Sat Jun 16 18:48:14 WIB 2018	[MODEL_BUILDER_FIT 1] : waiting for task, current time ms: 1529149694079
Sat Jun 16 18:48:14 WIB 2018	[MODEL_BUILDER_FIT 2] : waiting for task, current time ms: 1529149694080
Sat Jun 16 18:48:14 WIB 2018	[MODEL_BUILDER_FIT 3] : waiting for task, current time ms: 1529149694080
Sat Jun 16 18:48:14 WIB 2018	[MODEL_BUILDER_FIT 4] : waiting for task, current time ms: 1529149694080
Sat Jun 16 18:48:14 WIB 2018	[MODEL_BUILDER_FIT 5] : waiting for task, current time ms: 1529149694081
Sat Jun 16 18:48:14 WIB 2018	[DATA_PRODUCER_FIT 1] : put VANCOUVER_TEMPERATURE to queue
Sat Jun 16 18:48:14 WIB 2018	[DATA_PRODUCER_FIT 1] : put VANCOUVER_HUMIDITY to queue
Sat Jun 16 18:48:14 WIB 2018	[DATA_PRODUCER_FIT 1] : put VANCOUVER_PRESSURE to queue
Sat Jun 16 18:48:14 WIB 2018	[DATA_PRODUCER_FIT 1] : put VANCOUVER_WIND_SPEED to queue
Sat Jun 16 18:48:14 WIB 2018	[DATA_PRODUCER_FIT 1] : put VANCOUVER_WIND_DIRECTION to queue
Sat Jun 16 18:48:14 WIB 2018	[MODEL_BUILDER_FIT 5] : building VANCOUVER_TEMPERATURE
Sat Jun 16 18:48:14 WIB 2018	[MODEL_BUILDER_FIT 2] : building VANCOUVER_PRESSURE
Sat Jun 16 18:48:14 WIB 2018	[MODEL_BUILDER_FIT 1] : building VANCOUVER_HUMIDITY
Sat Jun 16 18:48:14 WIB 2018	[MODEL_BUILDER_FIT 3] : building VANCOUVER_WIND_SPEED
Sat Jun 16 18:48:14 WIB 2018	[MODEL_BUILDER_FIT 4] : building VANCOUVER_WIND_DIRECTION
Sat Jun 16 18:48:14 WIB 2018	[DATA_PRODUCER_FIT 1] : put PORTLAND_TEMPERATURE to queue
Sat Jun 16 18:48:14 WIB 2018	[DATA_PRODUCER_FIT 1] : put PORTLAND_HUMIDITY to queue
Sat Jun 16 18:48:14 WIB 2018	[DATA_PRODUCER_FIT 1] : put PORTLAND_PRESSURE to queue
Sat Jun 16 18:48:14 WIB 2018	[DATA_PRODUCER_FIT 1] : put PORTLAND_WIND_SPEED to queue
Sat Jun 16 18:48:14 WIB 2018	[DATA_PRODUCER_FIT 1] : put PORTLAND_WIND_DIRECTION to queue
Sat Jun 16 18:48:14 WIB 2018	[MODEL_BUILDER_FIT 5] : VANCOUVER_TEMPERATURE model ARIMA (0, 1, 2) has been build, time: 369
Sat Jun 16 18:48:14 WIB 2018	[MODEL_BUILDER_FIT 5] : building PORTLAND_TEMPERATURE
Sat Jun 16 18:48:14 WIB 2018	[MODEL_BUILDER_FIT 4] : VANCOUVER_WIND_DIRECTION model ARIMA (1, 0, 1) has been build, time: 482
Sat Jun 16 18:48:14 WIB 2018	[MODEL_BUILDER_FIT 4] : building PORTLAND_HUMIDITY
Sat Jun 16 18:48:14 WIB 2018	[MODEL_BUILDER_FIT 1] : VANCOUVER_HUMIDITY model ARIMA (2, 1, 1) has been build, time: 506
Sat Jun 16 18:48:14 WIB 2018	[MODEL_BUILDER_FIT 1] : building PORTLAND_PRESSURE
Sat Jun 16 18:48:14 WIB 2018	[MODEL_BUILDER_FIT 3] : VANCOUVER_WIND_SPEED model ARIMA (1, 0, 1) has been build, time: 620
Sat Jun 16 18:48:14 WIB 2018	[MODEL_BUILDER_FIT 3] : building PORTLAND_WIND_SPEED
Sat Jun 16 18:48:15 WIB 2018	[MODEL_BUILDER_FIT 3] : PORTLAND_WIND_SPEED model ARIMA (1, 1, 1) has been build, time: 62
Sat Jun 16 18:48:15 WIB 2018	[DATA_PRODUCER_FIT 1] : put SAN FRANCISCO_TEMPERATURE to queue
Sat Jun 16 18:48:15 WIB 2018	[DATA_PRODUCER_FIT 1] : put SAN FRANCISCO_HUMIDITY to queue
Sat Jun 16 18:48:15 WIB 2018	[DATA_PRODUCER_FIT 1] : put SAN FRANCISCO_PRESSURE to queue
Sat Jun 16 18:48:15 WIB 2018	[DATA_PRODUCER_FIT 1] : put SAN FRANCISCO_WIND_SPEED to queue
Sat Jun 16 18:48:15 WIB 2018	[MODEL_BUILDER_FIT 3] : building PORTLAND_WIND_DIRECTION
Sat Jun 16 18:48:15 WIB 2018	[DATA_PRODUCER_FIT 1] : put SAN FRANCISCO_WIND_DIRECTION to queue
Sat Jun 16 18:48:15 WIB 2018	[MODEL_BUILDER_FIT 4] : PORTLAND_HUMIDITY model ARIMA (1, 1, 1) has been build, time: 234
Sat Jun 16 18:48:15 WIB 2018	[MODEL_BUILDER_FIT 4] : building SAN FRANCISCO_TEMPERATURE
Sat Jun 16 18:48:15 WIB 2018	[MODEL_BUILDER_FIT 4] : SAN FRANCISCO_TEMPERATURE model ARIMA (1, 1, 0) has been build, time: 52
Sat Jun 16 18:48:15 WIB 2018	[MODEL_BUILDER_FIT 4] : building SAN FRANCISCO_HUMIDITY
Sat Jun 16 18:48:15 WIB 2018	[MODEL_BUILDER_FIT 2] : VANCOUVER_PRESSURE model ARIMA (1, 1, 4) has been build, time: 958
Sat Jun 16 18:48:15 WIB 2018	[MODEL_BUILDER_FIT 2] : building SAN FRANCISCO_PRESSURE
Sat Jun 16 18:48:15 WIB 2018	[DATA_PRODUCER_FIT 1] : put SEATTLE_TEMPERATURE to queue
Sat Jun 16 18:48:15 WIB 2018	[DATA_PRODUCER_FIT 1] : put SEATTLE_HUMIDITY to queue
Sat Jun 16 18:48:15 WIB 2018	[DATA_PRODUCER_FIT 1] : put SEATTLE_PRESSURE to queue
Sat Jun 16 18:48:15 WIB 2018	[DATA_PRODUCER_FIT 1] : put SEATTLE_WIND_SPEED to queue
Sat Jun 16 18:48:15 WIB 2018	[DATA_PRODUCER_FIT 1] : put SEATTLE_WIND_DIRECTION to queue
Sat Jun 16 18:48:15 WIB 2018	[MODEL_BUILDER_FIT 2] : SAN FRANCISCO_PRESSURE model ARIMA (1, 1, 1) has been build, time: 112
Sat Jun 16 18:48:15 WIB 2018	[MODEL_BUILDER_FIT 2] : building SAN FRANCISCO_WIND_SPEED
Sat Jun 16 18:48:15 WIB 2018	[MODEL_BUILDER_FIT 5] : PORTLAND_TEMPERATURE model ARIMA (2, 0, 8) has been build, time: 893
Sat Jun 16 18:48:15 WIB 2018	[MODEL_BUILDER_FIT 5] : building SAN FRANCISCO_WIND_DIRECTION
Sat Jun 16 18:48:15 WIB 2018	[DATA_PRODUCER_FIT 1] : put LOS ANGELES_TEMPERATURE to queue
Sat Jun 16 18:48:15 WIB 2018	[DATA_PRODUCER_FIT 1] : put LOS ANGELES_HUMIDITY to queue
Sat Jun 16 18:48:15 WIB 2018	[MODEL_BUILDER_FIT 2] : SAN FRANCISCO_WIND_SPEED model ARIMA (3, 1, 1) has been build, time: 215
Sat Jun 16 18:48:15 WIB 2018	[DATA_PRODUCER_FIT 1] : put LOS ANGELES_PRESSURE to queue
Sat Jun 16 18:48:15 WIB 2018	[DATA_PRODUCER_FIT 1] : put LOS ANGELES_WIND_SPEED to queue
Sat Jun 16 18:48:15 WIB 2018	[DATA_PRODUCER_FIT 1] : put LOS ANGELES_WIND_DIRECTION to queue
Sat Jun 16 18:48:15 WIB 2018	[MODEL_BUILDER_FIT 2] : building SEATTLE_TEMPERATURE
Sat Jun 16 18:48:15 WIB 2018	[MODEL_BUILDER_FIT 2] : SEATTLE_TEMPERATURE model ARIMA (1, 1, 0) has been build, time: 9
Sat Jun 16 18:48:15 WIB 2018	[MODEL_BUILDER_FIT 2] : building SEATTLE_HUMIDITY
Sat Jun 16 18:48:15 WIB 2018	[MODEL_BUILDER_FIT 5] : SAN FRANCISCO_WIND_DIRECTION model ARIMA (1, 1, 2) has been build, time: 137
Sat Jun 16 18:48:15 WIB 2018	[MODEL_BUILDER_FIT 5] : building SEATTLE_PRESSURE
Sat Jun 16 18:48:15 WIB 2018	[MODEL_BUILDER_FIT 5] : SEATTLE_PRESSURE model ARIMA (2, 1, 1) has been build, time: 56
Sat Jun 16 18:48:15 WIB 2018	[MODEL_BUILDER_FIT 5] : building SEATTLE_WIND_SPEED
Sat Jun 16 18:48:15 WIB 2018	[MODEL_BUILDER_FIT 3] : PORTLAND_WIND_DIRECTION model ARIMA (2, 1, 3) has been build, time: 941
Sat Jun 16 18:48:15 WIB 2018	[MODEL_BUILDER_FIT 3] : building SEATTLE_WIND_DIRECTION
Sat Jun 16 18:48:16 WIB 2018	[DATA_PRODUCER_FIT 1] : put SAN DIEGO_TEMPERATURE to queue
Sat Jun 16 18:48:16 WIB 2018	[DATA_PRODUCER_FIT 1] : put SAN DIEGO_HUMIDITY to queue
Sat Jun 16 18:48:16 WIB 2018	[DATA_PRODUCER_FIT 1] : put SAN DIEGO_PRESSURE to queue
Sat Jun 16 18:48:16 WIB 2018	[DATA_PRODUCER_FIT 1] : put SAN DIEGO_WIND_SPEED to queue
Sat Jun 16 18:48:16 WIB 2018	[DATA_PRODUCER_FIT 1] : put SAN DIEGO_WIND_DIRECTION to queue
Sat Jun 16 18:48:16 WIB 2018	[MODEL_BUILDER_FIT 3] : SEATTLE_WIND_DIRECTION model ARIMA (1, 1, 2) has been build, time: 174
Sat Jun 16 18:48:16 WIB 2018	[MODEL_BUILDER_FIT 3] : building LOS ANGELES_TEMPERATURE
Sat Jun 16 18:48:16 WIB 2018	[MODEL_BUILDER_FIT 3] : LOS ANGELES_TEMPERATURE model ARIMA (2, 0, 1) has been build, time: 62
Sat Jun 16 18:48:16 WIB 2018	[MODEL_BUILDER_FIT 3] : building LOS ANGELES_HUMIDITY
Sat Jun 16 18:48:16 WIB 2018	[MODEL_BUILDER_FIT 2] : SEATTLE_HUMIDITY model ARIMA (2, 0, 3) has been build, time: 627
Sat Jun 16 18:48:16 WIB 2018	[MODEL_BUILDER_FIT 2] : building LOS ANGELES_PRESSURE
Sat Jun 16 18:48:16 WIB 2018	[DATA_PRODUCER_FIT 1] : put LAS VEGAS_TEMPERATURE to queue
Sat Jun 16 18:48:16 WIB 2018	[DATA_PRODUCER_FIT 1] : put LAS VEGAS_HUMIDITY to queue
Sat Jun 16 18:48:16 WIB 2018	[DATA_PRODUCER_FIT 1] : put LAS VEGAS_PRESSURE to queue
Sat Jun 16 18:48:16 WIB 2018	[DATA_PRODUCER_FIT 1] : put LAS VEGAS_WIND_SPEED to queue
Sat Jun 16 18:48:16 WIB 2018	[DATA_PRODUCER_FIT 1] : put LAS VEGAS_WIND_DIRECTION to queue
Sat Jun 16 18:48:16 WIB 2018	[MODEL_BUILDER_FIT 1] : PORTLAND_PRESSURE model ARIMA (3, 1, 4) has been build, time: 1728
Sat Jun 16 18:48:16 WIB 2018	[MODEL_BUILDER_FIT 1] : building LOS ANGELES_WIND_SPEED
Sat Jun 16 18:48:16 WIB 2018	[MODEL_BUILDER_FIT 1] : LOS ANGELES_WIND_SPEED model ARIMA (1, 0, 2) has been build, time: 115
Sat Jun 16 18:48:16 WIB 2018	[MODEL_BUILDER_FIT 1] : building LOS ANGELES_WIND_DIRECTION
Sat Jun 16 18:48:16 WIB 2018	[DATA_PRODUCER_FIT 1] : put PHOENIX_TEMPERATURE to queue
Sat Jun 16 18:48:16 WIB 2018	[DATA_PRODUCER_FIT 1] : put PHOENIX_HUMIDITY to queue
Sat Jun 16 18:48:16 WIB 2018	[DATA_PRODUCER_FIT 1] : put PHOENIX_PRESSURE to queue
Sat Jun 16 18:48:16 WIB 2018	[DATA_PRODUCER_FIT 1] : put PHOENIX_WIND_SPEED to queue
Sat Jun 16 18:48:16 WIB 2018	[DATA_PRODUCER_FIT 1] : put PHOENIX_WIND_DIRECTION to queue
Sat Jun 16 18:48:16 WIB 2018	[MODEL_BUILDER_FIT 1] : LOS ANGELES_WIND_DIRECTION model ARIMA (1, 0, 1) has been build, time: 83
Sat Jun 16 18:48:16 WIB 2018	[MODEL_BUILDER_FIT 1] : building SAN DIEGO_TEMPERATURE
Sat Jun 16 18:48:16 WIB 2018	[MODEL_BUILDER_FIT 1] : SAN DIEGO_TEMPERATURE model ARIMA (2, 0, 4) has been build, time: 158
Sat Jun 16 18:48:16 WIB 2018	[MODEL_BUILDER_FIT 1] : building SAN DIEGO_HUMIDITY
Sat Jun 16 18:48:16 WIB 2018	[MODEL_BUILDER_FIT 2] : LOS ANGELES_PRESSURE model ARIMA (2, 0, 8) has been build, time: 663
Sat Jun 16 18:48:16 WIB 2018	[MODEL_BUILDER_FIT 2] : building SAN DIEGO_PRESSURE
Sat Jun 16 18:48:17 WIB 2018	[MODEL_BUILDER_FIT 1] : SAN DIEGO_HUMIDITY model ARIMA (3, 1, 1) has been build, time: 133
Sat Jun 16 18:48:17 WIB 2018	[MODEL_BUILDER_FIT 1] : building SAN DIEGO_WIND_SPEED
Sat Jun 16 18:48:17 WIB 2018	[MODEL_BUILDER_FIT 1] : SAN DIEGO_WIND_SPEED model ARIMA (1, 0, 1) has been build, time: 62
Sat Jun 16 18:48:17 WIB 2018	[MODEL_BUILDER_FIT 1] : building SAN DIEGO_WIND_DIRECTION
Sat Jun 16 18:48:17 WIB 2018	[DATA_PRODUCER_FIT 1] : put ALBUQUERQUE_TEMPERATURE to queue
Sat Jun 16 18:48:17 WIB 2018	[DATA_PRODUCER_FIT 1] : put ALBUQUERQUE_HUMIDITY to queue
Sat Jun 16 18:48:17 WIB 2018	[DATA_PRODUCER_FIT 1] : put ALBUQUERQUE_PRESSURE to queue
Sat Jun 16 18:48:17 WIB 2018	[DATA_PRODUCER_FIT 1] : put ALBUQUERQUE_WIND_SPEED to queue
Sat Jun 16 18:48:17 WIB 2018	[DATA_PRODUCER_FIT 1] : put ALBUQUERQUE_WIND_DIRECTION to queue
Sat Jun 16 18:48:17 WIB 2018	[DATA_PRODUCER_FIT 1] : put DENVER_TEMPERATURE to queue
Sat Jun 16 18:48:17 WIB 2018	[DATA_PRODUCER_FIT 1] : put DENVER_HUMIDITY to queue
Sat Jun 16 18:48:17 WIB 2018	[DATA_PRODUCER_FIT 1] : put DENVER_PRESSURE to queue
Sat Jun 16 18:48:17 WIB 2018	[DATA_PRODUCER_FIT 1] : put DENVER_WIND_SPEED to queue
Sat Jun 16 18:48:17 WIB 2018	[DATA_PRODUCER_FIT 1] : put DENVER_WIND_DIRECTION to queue
Sat Jun 16 18:48:17 WIB 2018	[MODEL_BUILDER_FIT 5] : SEATTLE_WIND_SPEED model ARIMA (2, 1, 4) has been build, time: 1660
Sat Jun 16 18:48:17 WIB 2018	[MODEL_BUILDER_FIT 5] : building LAS VEGAS_TEMPERATURE
Sat Jun 16 18:48:17 WIB 2018	[MODEL_BUILDER_FIT 5] : LAS VEGAS_TEMPERATURE model ARIMA (2, 0, 1) has been build, time: 173
Sat Jun 16 18:48:17 WIB 2018	[MODEL_BUILDER_FIT 5] : building LAS VEGAS_HUMIDITY
Sat Jun 16 18:48:17 WIB 2018	[MODEL_BUILDER_FIT 1] : SAN DIEGO_WIND_DIRECTION model ARIMA (1, 0, 5) has been build, time: 566
Sat Jun 16 18:48:17 WIB 2018	[MODEL_BUILDER_FIT 1] : building LAS VEGAS_PRESSURE
Sat Jun 16 18:48:17 WIB 2018	[MODEL_BUILDER_FIT 5] : LAS VEGAS_HUMIDITY model ARIMA (2, 1, 0) has been build, time: 25
Sat Jun 16 18:48:17 WIB 2018	[MODEL_BUILDER_FIT 5] : building LAS VEGAS_WIND_SPEED
Sat Jun 16 18:48:17 WIB 2018	[DATA_PRODUCER_FIT 1] : put SAN ANTONIO_TEMPERATURE to queue
Sat Jun 16 18:48:17 WIB 2018	[DATA_PRODUCER_FIT 1] : put SAN ANTONIO_HUMIDITY to queue
Sat Jun 16 18:48:17 WIB 2018	[DATA_PRODUCER_FIT 1] : put SAN ANTONIO_PRESSURE to queue
Sat Jun 16 18:48:17 WIB 2018	[DATA_PRODUCER_FIT 1] : put SAN ANTONIO_WIND_SPEED to queue
Sat Jun 16 18:48:17 WIB 2018	[DATA_PRODUCER_FIT 1] : put SAN ANTONIO_WIND_DIRECTION to queue
Sat Jun 16 18:48:17 WIB 2018	[MODEL_BUILDER_FIT 1] : LAS VEGAS_PRESSURE model ARIMA (1, 0, 1) has been build, time: 88
Sat Jun 16 18:48:17 WIB 2018	[MODEL_BUILDER_FIT 1] : building LAS VEGAS_WIND_DIRECTION
Sat Jun 16 18:48:17 WIB 2018	[MODEL_BUILDER_FIT 1] : LAS VEGAS_WIND_DIRECTION model ARIMA (1, 0, 2) has been build, time: 106
Sat Jun 16 18:48:17 WIB 2018	[MODEL_BUILDER_FIT 1] : building PHOENIX_TEMPERATURE
Sat Jun 16 18:48:17 WIB 2018	[MODEL_BUILDER_FIT 1] : PHOENIX_TEMPERATURE model ARIMA (2, 0, 1) has been build, time: 59
Sat Jun 16 18:48:17 WIB 2018	[MODEL_BUILDER_FIT 1] : building PHOENIX_HUMIDITY
Sat Jun 16 18:48:17 WIB 2018	[MODEL_BUILDER_FIT 1] : PHOENIX_HUMIDITY model ARIMA (1, 1, 0) has been build, time: 7
Sat Jun 16 18:48:17 WIB 2018	[MODEL_BUILDER_FIT 1] : building PHOENIX_PRESSURE
Sat Jun 16 18:48:18 WIB 2018	[DATA_PRODUCER_FIT 1] : put DALLAS_TEMPERATURE to queue
Sat Jun 16 18:48:18 WIB 2018	[DATA_PRODUCER_FIT 1] : put DALLAS_HUMIDITY to queue
Sat Jun 16 18:48:18 WIB 2018	[DATA_PRODUCER_FIT 1] : put DALLAS_PRESSURE to queue
Sat Jun 16 18:48:18 WIB 2018	[DATA_PRODUCER_FIT 1] : put DALLAS_WIND_SPEED to queue
Sat Jun 16 18:48:18 WIB 2018	[DATA_PRODUCER_FIT 1] : put DALLAS_WIND_DIRECTION to queue
Sat Jun 16 18:48:18 WIB 2018	[MODEL_BUILDER_FIT 5] : LAS VEGAS_WIND_SPEED model ARIMA (2, 1, 3) has been build, time: 551
Sat Jun 16 18:48:18 WIB 2018	[MODEL_BUILDER_FIT 5] : building PHOENIX_WIND_SPEED
Sat Jun 16 18:48:18 WIB 2018	[MODEL_BUILDER_FIT 1] : PHOENIX_PRESSURE model ARIMA (1, 0, 6) has been build, time: 393
Sat Jun 16 18:48:18 WIB 2018	[MODEL_BUILDER_FIT 1] : building PHOENIX_WIND_DIRECTION
Sat Jun 16 18:48:18 WIB 2018	[DATA_PRODUCER_FIT 1] : put HOUSTON_TEMPERATURE to queue
Sat Jun 16 18:48:18 WIB 2018	[DATA_PRODUCER_FIT 1] : put HOUSTON_HUMIDITY to queue
Sat Jun 16 18:48:18 WIB 2018	[DATA_PRODUCER_FIT 1] : put HOUSTON_PRESSURE to queue
Sat Jun 16 18:48:18 WIB 2018	[DATA_PRODUCER_FIT 1] : put HOUSTON_WIND_SPEED to queue
Sat Jun 16 18:48:18 WIB 2018	[DATA_PRODUCER_FIT 1] : put HOUSTON_WIND_DIRECTION to queue
Sat Jun 16 18:48:18 WIB 2018	[MODEL_BUILDER_FIT 4] : SAN FRANCISCO_HUMIDITY model ARIMA (2, 0, 8) has been build, time: 3314
Sat Jun 16 18:48:18 WIB 2018	[MODEL_BUILDER_FIT 4] : building ALBUQUERQUE_TEMPERATURE
Sat Jun 16 18:48:18 WIB 2018	[MODEL_BUILDER_FIT 2] : SAN DIEGO_PRESSURE model ARIMA (3, 1, 5) has been build, time: 1540
Sat Jun 16 18:48:18 WIB 2018	[MODEL_BUILDER_FIT 2] : building ALBUQUERQUE_HUMIDITY
Sat Jun 16 18:48:18 WIB 2018	[MODEL_BUILDER_FIT 2] : ALBUQUERQUE_HUMIDITY model ARIMA (0, 1, 1) has been build, time: 15
Sat Jun 16 18:48:18 WIB 2018	[MODEL_BUILDER_FIT 2] : building ALBUQUERQUE_PRESSURE
Sat Jun 16 18:48:18 WIB 2018	[MODEL_BUILDER_FIT 2] : ALBUQUERQUE_PRESSURE model ARIMA (1, 0, 1) has been build, time: 49
Sat Jun 16 18:48:18 WIB 2018	[MODEL_BUILDER_FIT 2] : building ALBUQUERQUE_WIND_SPEED
Sat Jun 16 18:48:18 WIB 2018	[DATA_PRODUCER_FIT 1] : put KANSAS CITY_TEMPERATURE to queue
Sat Jun 16 18:48:18 WIB 2018	[DATA_PRODUCER_FIT 1] : put KANSAS CITY_HUMIDITY to queue
Sat Jun 16 18:48:18 WIB 2018	[DATA_PRODUCER_FIT 1] : put KANSAS CITY_PRESSURE to queue
Sat Jun 16 18:48:18 WIB 2018	[DATA_PRODUCER_FIT 1] : put KANSAS CITY_WIND_SPEED to queue
Sat Jun 16 18:48:18 WIB 2018	[DATA_PRODUCER_FIT 1] : put KANSAS CITY_WIND_DIRECTION to queue
Sat Jun 16 18:48:18 WIB 2018	[MODEL_BUILDER_FIT 4] : ALBUQUERQUE_TEMPERATURE model ARIMA (2, 0, 4) has been build, time: 452
Sat Jun 16 18:48:18 WIB 2018	[MODEL_BUILDER_FIT 4] : building ALBUQUERQUE_WIND_DIRECTION
Sat Jun 16 18:48:18 WIB 2018	[MODEL_BUILDER_FIT 4] : ALBUQUERQUE_WIND_DIRECTION model ARIMA (1, 0, 1) has been build, time: 60
Sat Jun 16 18:48:18 WIB 2018	[MODEL_BUILDER_FIT 4] : building DENVER_TEMPERATURE
Sat Jun 16 18:48:19 WIB 2018	[MODEL_BUILDER_FIT 4] : DENVER_TEMPERATURE model ARIMA (1, 1, 1) has been build, time: 52
Sat Jun 16 18:48:19 WIB 2018	[MODEL_BUILDER_FIT 4] : building DENVER_HUMIDITY
Sat Jun 16 18:48:19 WIB 2018	[MODEL_BUILDER_FIT 2] : ALBUQUERQUE_WIND_SPEED model ARIMA (1, 0, 6) has been build, time: 392
Sat Jun 16 18:48:19 WIB 2018	[MODEL_BUILDER_FIT 2] : building DENVER_PRESSURE
Sat Jun 16 18:48:19 WIB 2018	[DATA_PRODUCER_FIT 1] : put MINNEAPOLIS_TEMPERATURE to queue
Sat Jun 16 18:48:19 WIB 2018	[DATA_PRODUCER_FIT 1] : put MINNEAPOLIS_HUMIDITY to queue
Sat Jun 16 18:48:19 WIB 2018	[DATA_PRODUCER_FIT 1] : put MINNEAPOLIS_PRESSURE to queue
Sat Jun 16 18:48:19 WIB 2018	[DATA_PRODUCER_FIT 1] : put MINNEAPOLIS_WIND_SPEED to queue
Sat Jun 16 18:48:19 WIB 2018	[DATA_PRODUCER_FIT 1] : put MINNEAPOLIS_WIND_DIRECTION to queue
Sat Jun 16 18:48:19 WIB 2018	[MODEL_BUILDER_FIT 4] : DENVER_HUMIDITY model ARIMA (1, 1, 1) has been build, time: 64
Sat Jun 16 18:48:19 WIB 2018	[MODEL_BUILDER_FIT 4] : building DENVER_WIND_SPEED
Sat Jun 16 18:48:19 WIB 2018	[MODEL_BUILDER_FIT 1] : PHOENIX_WIND_DIRECTION model ARIMA (2, 0, 2) has been build, time: 762
Sat Jun 16 18:48:19 WIB 2018	[MODEL_BUILDER_FIT 1] : building DENVER_WIND_DIRECTION
Sat Jun 16 18:48:19 WIB 2018	[MODEL_BUILDER_FIT 1] : DENVER_WIND_DIRECTION model ARIMA (1, 0, 1) has been build, time: 78
Sat Jun 16 18:48:19 WIB 2018	[MODEL_BUILDER_FIT 1] : building SAN ANTONIO_TEMPERATURE
Sat Jun 16 18:48:19 WIB 2018	[MODEL_BUILDER_FIT 2] : DENVER_PRESSURE model ARIMA (2, 0, 4) has been build, time: 380
Sat Jun 16 18:48:19 WIB 2018	[MODEL_BUILDER_FIT 2] : building SAN ANTONIO_HUMIDITY
Sat Jun 16 18:48:19 WIB 2018	[MODEL_BUILDER_FIT 5] : PHOENIX_WIND_SPEED model ARIMA (2, 0, 8) has been build, time: 1138
Sat Jun 16 18:48:19 WIB 2018	[MODEL_BUILDER_FIT 5] : building SAN ANTONIO_PRESSURE
Sat Jun 16 18:48:19 WIB 2018	[DATA_PRODUCER_FIT 1] : put SAINT LOUIS_TEMPERATURE to queue
Sat Jun 16 18:48:19 WIB 2018	[DATA_PRODUCER_FIT 1] : put SAINT LOUIS_HUMIDITY to queue
Sat Jun 16 18:48:19 WIB 2018	[DATA_PRODUCER_FIT 1] : put SAINT LOUIS_PRESSURE to queue
Sat Jun 16 18:48:19 WIB 2018	[DATA_PRODUCER_FIT 1] : put SAINT LOUIS_WIND_SPEED to queue
Sat Jun 16 18:48:19 WIB 2018	[DATA_PRODUCER_FIT 1] : put SAINT LOUIS_WIND_DIRECTION to queue
Sat Jun 16 18:48:19 WIB 2018	[MODEL_BUILDER_FIT 1] : SAN ANTONIO_TEMPERATURE model ARIMA (1, 1, 4) has been build, time: 306
Sat Jun 16 18:48:19 WIB 2018	[MODEL_BUILDER_FIT 1] : building SAN ANTONIO_WIND_SPEED
Sat Jun 16 18:48:19 WIB 2018	[MODEL_BUILDER_FIT 5] : SAN ANTONIO_PRESSURE model ARIMA (3, 2, 1) has been build, time: 223
Sat Jun 16 18:48:19 WIB 2018	[MODEL_BUILDER_FIT 5] : building SAN ANTONIO_WIND_DIRECTION
Sat Jun 16 18:48:19 WIB 2018	[DATA_PRODUCER_FIT 1] : put CHICAGO_TEMPERATURE to queue
Sat Jun 16 18:48:19 WIB 2018	[DATA_PRODUCER_FIT 1] : put CHICAGO_HUMIDITY to queue
Sat Jun 16 18:48:19 WIB 2018	[DATA_PRODUCER_FIT 1] : put CHICAGO_PRESSURE to queue
Sat Jun 16 18:48:19 WIB 2018	[DATA_PRODUCER_FIT 1] : put CHICAGO_WIND_SPEED to queue
Sat Jun 16 18:48:19 WIB 2018	[DATA_PRODUCER_FIT 1] : put CHICAGO_WIND_DIRECTION to queue
Sat Jun 16 18:48:19 WIB 2018	[MODEL_BUILDER_FIT 5] : SAN ANTONIO_WIND_DIRECTION model ARIMA (1, 0, 1) has been build, time: 59
Sat Jun 16 18:48:19 WIB 2018	[MODEL_BUILDER_FIT 5] : building DALLAS_TEMPERATURE
Sat Jun 16 18:48:19 WIB 2018	[MODEL_BUILDER_FIT 1] : SAN ANTONIO_WIND_SPEED model ARIMA (2, 0, 2) has been build, time: 246
Sat Jun 16 18:48:19 WIB 2018	[MODEL_BUILDER_FIT 1] : building DALLAS_HUMIDITY
Sat Jun 16 18:48:19 WIB 2018	[MODEL_BUILDER_FIT 1] : DALLAS_HUMIDITY model ARIMA (1, 1, 1) has been build, time: 76
Sat Jun 16 18:48:19 WIB 2018	[MODEL_BUILDER_FIT 1] : building DALLAS_PRESSURE
Sat Jun 16 18:48:19 WIB 2018	[MODEL_BUILDER_FIT 4] : DENVER_WIND_SPEED model ARIMA (1, 0, 6) has been build, time: 793
Sat Jun 16 18:48:19 WIB 2018	[MODEL_BUILDER_FIT 4] : building DALLAS_WIND_SPEED
Sat Jun 16 18:48:19 WIB 2018	[MODEL_BUILDER_FIT 5] : DALLAS_TEMPERATURE model ARIMA (1, 1, 4) has been build, time: 185
Sat Jun 16 18:48:19 WIB 2018	[MODEL_BUILDER_FIT 5] : building DALLAS_WIND_DIRECTION
Sat Jun 16 18:48:19 WIB 2018	[MODEL_BUILDER_FIT 1] : DALLAS_PRESSURE model ARIMA (1, 0, 3) has been build, time: 48
Sat Jun 16 18:48:19 WIB 2018	[MODEL_BUILDER_FIT 1] : building HOUSTON_TEMPERATURE
Sat Jun 16 18:48:19 WIB 2018	[MODEL_BUILDER_FIT 5] : DALLAS_WIND_DIRECTION model ARIMA (1, 0, 1) has been build, time: 52
Sat Jun 16 18:48:19 WIB 2018	[MODEL_BUILDER_FIT 5] : building HOUSTON_HUMIDITY
Sat Jun 16 18:48:19 WIB 2018	[DATA_PRODUCER_FIT 1] : put NASHVILLE_TEMPERATURE to queue
Sat Jun 16 18:48:19 WIB 2018	[DATA_PRODUCER_FIT 1] : put NASHVILLE_HUMIDITY to queue
Sat Jun 16 18:48:19 WIB 2018	[DATA_PRODUCER_FIT 1] : put NASHVILLE_PRESSURE to queue
Sat Jun 16 18:48:19 WIB 2018	[DATA_PRODUCER_FIT 1] : put NASHVILLE_WIND_SPEED to queue
Sat Jun 16 18:48:19 WIB 2018	[DATA_PRODUCER_FIT 1] : put NASHVILLE_WIND_DIRECTION to queue
Sat Jun 16 18:48:20 WIB 2018	[DATA_PRODUCER_FIT 1] : put INDIANAPOLIS_TEMPERATURE to queue
Sat Jun 16 18:48:20 WIB 2018	[DATA_PRODUCER_FIT 1] : put INDIANAPOLIS_HUMIDITY to queue
Sat Jun 16 18:48:20 WIB 2018	[DATA_PRODUCER_FIT 1] : put INDIANAPOLIS_PRESSURE to queue
Sat Jun 16 18:48:20 WIB 2018	[DATA_PRODUCER_FIT 1] : put INDIANAPOLIS_WIND_SPEED to queue
Sat Jun 16 18:48:20 WIB 2018	[DATA_PRODUCER_FIT 1] : put INDIANAPOLIS_WIND_DIRECTION to queue
Sat Jun 16 18:48:20 WIB 2018	[MODEL_BUILDER_FIT 5] : HOUSTON_HUMIDITY model ARIMA (2, 1, 3) has been build, time: 486
Sat Jun 16 18:48:20 WIB 2018	[MODEL_BUILDER_FIT 5] : building HOUSTON_PRESSURE
Sat Jun 16 18:48:20 WIB 2018	[MODEL_BUILDER_FIT 5] : HOUSTON_PRESSURE model ARIMA (1, 1, 2) has been build, time: 74
Sat Jun 16 18:48:20 WIB 2018	[MODEL_BUILDER_FIT 5] : building HOUSTON_WIND_SPEED
Sat Jun 16 18:48:20 WIB 2018	[DATA_PRODUCER_FIT 1] : put ATLANTA_TEMPERATURE to queue
Sat Jun 16 18:48:20 WIB 2018	[DATA_PRODUCER_FIT 1] : put ATLANTA_HUMIDITY to queue
Sat Jun 16 18:48:20 WIB 2018	[DATA_PRODUCER_FIT 1] : put ATLANTA_PRESSURE to queue
Sat Jun 16 18:48:20 WIB 2018	[DATA_PRODUCER_FIT 1] : put ATLANTA_WIND_SPEED to queue
Sat Jun 16 18:48:20 WIB 2018	[DATA_PRODUCER_FIT 1] : put ATLANTA_WIND_DIRECTION to queue
Sat Jun 16 18:48:20 WIB 2018	[MODEL_BUILDER_FIT 1] : HOUSTON_TEMPERATURE model ARIMA (4, 1, 3) has been build, time: 675
Sat Jun 16 18:48:20 WIB 2018	[MODEL_BUILDER_FIT 1] : building HOUSTON_WIND_DIRECTION
Sat Jun 16 18:48:20 WIB 2018	[MODEL_BUILDER_FIT 1] : HOUSTON_WIND_DIRECTION model ARIMA (2, 1, 1) has been build, time: 100
Sat Jun 16 18:48:20 WIB 2018	[MODEL_BUILDER_FIT 1] : building KANSAS CITY_TEMPERATURE
Sat Jun 16 18:48:20 WIB 2018	[DATA_PRODUCER_FIT 1] : put DETROIT_TEMPERATURE to queue
Sat Jun 16 18:48:20 WIB 2018	[DATA_PRODUCER_FIT 1] : put DETROIT_HUMIDITY to queue
Sat Jun 16 18:48:20 WIB 2018	[DATA_PRODUCER_FIT 1] : put DETROIT_PRESSURE to queue
Sat Jun 16 18:48:20 WIB 2018	[DATA_PRODUCER_FIT 1] : put DETROIT_WIND_SPEED to queue
Sat Jun 16 18:48:20 WIB 2018	[DATA_PRODUCER_FIT 1] : put DETROIT_WIND_DIRECTION to queue
Sat Jun 16 18:48:21 WIB 2018	[MODEL_BUILDER_FIT 1] : KANSAS CITY_TEMPERATURE model ARIMA (1, 1, 4) has been build, time: 334
Sat Jun 16 18:48:21 WIB 2018	[MODEL_BUILDER_FIT 1] : building KANSAS CITY_HUMIDITY
Sat Jun 16 18:48:21 WIB 2018	[MODEL_BUILDER_FIT 1] : KANSAS CITY_HUMIDITY model ARIMA (2, 1, 1) has been build, time: 95
Sat Jun 16 18:48:21 WIB 2018	[MODEL_BUILDER_FIT 1] : building KANSAS CITY_PRESSURE
Sat Jun 16 18:48:21 WIB 2018	[MODEL_BUILDER_FIT 1] : KANSAS CITY_PRESSURE model ARIMA (2, 0, 1) has been build, time: 52
Sat Jun 16 18:48:21 WIB 2018	[MODEL_BUILDER_FIT 1] : building KANSAS CITY_WIND_SPEED
Sat Jun 16 18:48:21 WIB 2018	[MODEL_BUILDER_FIT 1] : KANSAS CITY_WIND_SPEED model ARIMA (1, 1, 1) has been build, time: 38
Sat Jun 16 18:48:21 WIB 2018	[MODEL_BUILDER_FIT 1] : building KANSAS CITY_WIND_DIRECTION
Sat Jun 16 18:48:21 WIB 2018	[DATA_PRODUCER_FIT 1] : put JACKSONVILLE_TEMPERATURE to queue
Sat Jun 16 18:48:21 WIB 2018	[DATA_PRODUCER_FIT 1] : put JACKSONVILLE_HUMIDITY to queue
Sat Jun 16 18:48:21 WIB 2018	[DATA_PRODUCER_FIT 1] : put JACKSONVILLE_PRESSURE to queue
Sat Jun 16 18:48:21 WIB 2018	[DATA_PRODUCER_FIT 1] : put JACKSONVILLE_WIND_SPEED to queue
Sat Jun 16 18:48:21 WIB 2018	[DATA_PRODUCER_FIT 1] : put JACKSONVILLE_WIND_DIRECTION to queue
Sat Jun 16 18:48:21 WIB 2018	[MODEL_BUILDER_FIT 1] : KANSAS CITY_WIND_DIRECTION model ARIMA (1, 0, 1) has been build, time: 71
Sat Jun 16 18:48:21 WIB 2018	[MODEL_BUILDER_FIT 1] : building MINNEAPOLIS_TEMPERATURE
Sat Jun 16 18:48:21 WIB 2018	[MODEL_BUILDER_FIT 1] : MINNEAPOLIS_TEMPERATURE model ARIMA (1, 1, 1) has been build, time: 21
Sat Jun 16 18:48:21 WIB 2018	[MODEL_BUILDER_FIT 1] : building MINNEAPOLIS_HUMIDITY
Sat Jun 16 18:48:21 WIB 2018	[MODEL_BUILDER_FIT 1] : MINNEAPOLIS_HUMIDITY model ARIMA (1, 0, 4) has been build, time: 223
Sat Jun 16 18:48:21 WIB 2018	[MODEL_BUILDER_FIT 1] : building MINNEAPOLIS_PRESSURE
Sat Jun 16 18:48:21 WIB 2018	[DATA_PRODUCER_FIT 1] : put CHARLOTTE_TEMPERATURE to queue
Sat Jun 16 18:48:21 WIB 2018	[DATA_PRODUCER_FIT 1] : put CHARLOTTE_HUMIDITY to queue
Sat Jun 16 18:48:21 WIB 2018	[DATA_PRODUCER_FIT 1] : put CHARLOTTE_PRESSURE to queue
Sat Jun 16 18:48:21 WIB 2018	[DATA_PRODUCER_FIT 1] : put CHARLOTTE_WIND_SPEED to queue
Sat Jun 16 18:48:21 WIB 2018	[DATA_PRODUCER_FIT 1] : put CHARLOTTE_WIND_DIRECTION to queue
Sat Jun 16 18:48:21 WIB 2018	[MODEL_BUILDER_FIT 1] : MINNEAPOLIS_PRESSURE model ARIMA (2, 0, 5) has been build, time: 187
Sat Jun 16 18:48:21 WIB 2018	[MODEL_BUILDER_FIT 1] : building MINNEAPOLIS_WIND_SPEED
Sat Jun 16 18:48:21 WIB 2018	[MODEL_BUILDER_FIT 5] : HOUSTON_WIND_SPEED model ARIMA (2, 0, 8) has been build, time: 1269
Sat Jun 16 18:48:21 WIB 2018	[MODEL_BUILDER_FIT 5] : building MINNEAPOLIS_WIND_DIRECTION
Sat Jun 16 18:48:21 WIB 2018	[MODEL_BUILDER_FIT 1] : MINNEAPOLIS_WIND_SPEED model ARIMA (0, 1, 1) has been build, time: 17
Sat Jun 16 18:48:21 WIB 2018	[MODEL_BUILDER_FIT 1] : building SAINT LOUIS_TEMPERATURE
Sat Jun 16 18:48:21 WIB 2018	[MODEL_BUILDER_FIT 1] : SAINT LOUIS_TEMPERATURE model ARIMA (1, 1, 0) has been build, time: 19
Sat Jun 16 18:48:21 WIB 2018	[MODEL_BUILDER_FIT 1] : building SAINT LOUIS_HUMIDITY
Sat Jun 16 18:48:21 WIB 2018	[MODEL_BUILDER_FIT 1] : SAINT LOUIS_HUMIDITY model ARIMA (1, 1, 1) has been build, time: 30
Sat Jun 16 18:48:21 WIB 2018	[MODEL_BUILDER_FIT 1] : building SAINT LOUIS_PRESSURE
Sat Jun 16 18:48:21 WIB 2018	[MODEL_BUILDER_FIT 1] : SAINT LOUIS_PRESSURE model ARIMA (1, 0, 2) has been build, time: 62
Sat Jun 16 18:48:21 WIB 2018	[MODEL_BUILDER_FIT 1] : building SAINT LOUIS_WIND_SPEED
Sat Jun 16 18:48:21 WIB 2018	[MODEL_BUILDER_FIT 4] : DALLAS_WIND_SPEED model ARIMA (3, 0, 7) has been build, time: 2123
Sat Jun 16 18:48:21 WIB 2018	[MODEL_BUILDER_FIT 4] : building SAINT LOUIS_WIND_DIRECTION
Sat Jun 16 18:48:22 WIB 2018	[DATA_PRODUCER_FIT 1] : put MIAMI_TEMPERATURE to queue
Sat Jun 16 18:48:22 WIB 2018	[DATA_PRODUCER_FIT 1] : put MIAMI_HUMIDITY to queue
Sat Jun 16 18:48:22 WIB 2018	[DATA_PRODUCER_FIT 1] : put MIAMI_PRESSURE to queue
Sat Jun 16 18:48:22 WIB 2018	[DATA_PRODUCER_FIT 1] : put MIAMI_WIND_SPEED to queue
Sat Jun 16 18:48:22 WIB 2018	[DATA_PRODUCER_FIT 1] : put MIAMI_WIND_DIRECTION to queue
Sat Jun 16 18:48:22 WIB 2018	[MODEL_BUILDER_FIT 1] : SAINT LOUIS_WIND_SPEED model ARIMA (4, 1, 1) has been build, time: 164
Sat Jun 16 18:48:22 WIB 2018	[MODEL_BUILDER_FIT 1] : building CHICAGO_TEMPERATURE
Sat Jun 16 18:48:22 WIB 2018	[MODEL_BUILDER_FIT 1] : CHICAGO_TEMPERATURE model ARIMA (1, 1, 2) has been build, time: 45
Sat Jun 16 18:48:22 WIB 2018	[MODEL_BUILDER_FIT 1] : building CHICAGO_HUMIDITY
Sat Jun 16 18:48:22 WIB 2018	[MODEL_BUILDER_FIT 1] : CHICAGO_HUMIDITY model ARIMA (0, 1, 1) has been build, time: 13
Sat Jun 16 18:48:22 WIB 2018	[MODEL_BUILDER_FIT 1] : building CHICAGO_PRESSURE
Sat Jun 16 18:48:22 WIB 2018	[MODEL_BUILDER_FIT 4] : SAINT LOUIS_WIND_DIRECTION model ARIMA (3, 1, 1) has been build, time: 185
Sat Jun 16 18:48:22 WIB 2018	[MODEL_BUILDER_FIT 4] : building CHICAGO_WIND_SPEED
Sat Jun 16 18:48:22 WIB 2018	[MODEL_BUILDER_FIT 1] : CHICAGO_PRESSURE model ARIMA (1, 1, 1) has been build, time: 44
Sat Jun 16 18:48:22 WIB 2018	[MODEL_BUILDER_FIT 1] : building CHICAGO_WIND_DIRECTION
Sat Jun 16 18:48:22 WIB 2018	[MODEL_BUILDER_FIT 4] : CHICAGO_WIND_SPEED model ARIMA (2, 1, 1) has been build, time: 82
Sat Jun 16 18:48:22 WIB 2018	[MODEL_BUILDER_FIT 4] : building NASHVILLE_TEMPERATURE
Sat Jun 16 18:48:22 WIB 2018	[DATA_PRODUCER_FIT 1] : put PITTSBURGH_TEMPERATURE to queue
Sat Jun 16 18:48:22 WIB 2018	[DATA_PRODUCER_FIT 1] : put PITTSBURGH_HUMIDITY to queue
Sat Jun 16 18:48:22 WIB 2018	[DATA_PRODUCER_FIT 1] : put PITTSBURGH_PRESSURE to queue
Sat Jun 16 18:48:22 WIB 2018	[DATA_PRODUCER_FIT 1] : put PITTSBURGH_WIND_SPEED to queue
Sat Jun 16 18:48:22 WIB 2018	[DATA_PRODUCER_FIT 1] : put PITTSBURGH_WIND_DIRECTION to queue
Sat Jun 16 18:48:22 WIB 2018	[MODEL_BUILDER_FIT 4] : NASHVILLE_TEMPERATURE model ARIMA (2, 1, 2) has been build, time: 205
Sat Jun 16 18:48:22 WIB 2018	[MODEL_BUILDER_FIT 4] : building NASHVILLE_HUMIDITY
Sat Jun 16 18:48:22 WIB 2018	[MODEL_BUILDER_FIT 1] : CHICAGO_WIND_DIRECTION model ARIMA (3, 0, 3) has been build, time: 356
Sat Jun 16 18:48:22 WIB 2018	[MODEL_BUILDER_FIT 1] : building NASHVILLE_PRESSURE
Sat Jun 16 18:48:22 WIB 2018	[MODEL_BUILDER_FIT 1] : NASHVILLE_PRESSURE model ARIMA (0, 1, 2) has been build, time: 25
Sat Jun 16 18:48:22 WIB 2018	[MODEL_BUILDER_FIT 1] : building NASHVILLE_WIND_SPEED
Sat Jun 16 18:48:22 WIB 2018	[DATA_PRODUCER_FIT 1] : put TORONTO_TEMPERATURE to queue
Sat Jun 16 18:48:22 WIB 2018	[DATA_PRODUCER_FIT 1] : put TORONTO_HUMIDITY to queue
Sat Jun 16 18:48:22 WIB 2018	[DATA_PRODUCER_FIT 1] : put TORONTO_PRESSURE to queue
Sat Jun 16 18:48:22 WIB 2018	[DATA_PRODUCER_FIT 1] : put TORONTO_WIND_SPEED to queue
Sat Jun 16 18:48:22 WIB 2018	[DATA_PRODUCER_FIT 1] : put TORONTO_WIND_DIRECTION to queue
Sat Jun 16 18:48:22 WIB 2018	[MODEL_BUILDER_FIT 5] : MINNEAPOLIS_WIND_DIRECTION model ARIMA (3, 0, 4) has been build, time: 1123
Sat Jun 16 18:48:22 WIB 2018	[MODEL_BUILDER_FIT 5] : building NASHVILLE_WIND_DIRECTION
Sat Jun 16 18:48:23 WIB 2018	[MODEL_BUILDER_FIT 4] : NASHVILLE_HUMIDITY model ARIMA (1, 0, 6) has been build, time: 555
Sat Jun 16 18:48:23 WIB 2018	[MODEL_BUILDER_FIT 4] : building INDIANAPOLIS_TEMPERATURE
Sat Jun 16 18:48:23 WIB 2018	[MODEL_BUILDER_FIT 5] : NASHVILLE_WIND_DIRECTION model ARIMA (3, 1, 1) has been build, time: 122
Sat Jun 16 18:48:23 WIB 2018	[MODEL_BUILDER_FIT 5] : building INDIANAPOLIS_HUMIDITY
Sat Jun 16 18:48:23 WIB 2018	[DATA_PRODUCER_FIT 1] : put PHILADELPHIA_TEMPERATURE to queue
Sat Jun 16 18:48:23 WIB 2018	[DATA_PRODUCER_FIT 1] : put PHILADELPHIA_HUMIDITY to queue
Sat Jun 16 18:48:23 WIB 2018	[DATA_PRODUCER_FIT 1] : put PHILADELPHIA_PRESSURE to queue
Sat Jun 16 18:48:23 WIB 2018	[DATA_PRODUCER_FIT 1] : put PHILADELPHIA_WIND_SPEED to queue
Sat Jun 16 18:48:23 WIB 2018	[DATA_PRODUCER_FIT 1] : put PHILADELPHIA_WIND_DIRECTION to queue
Sat Jun 16 18:48:23 WIB 2018	[MODEL_BUILDER_FIT 4] : INDIANAPOLIS_TEMPERATURE model ARIMA (2, 1, 2) has been build, time: 167
Sat Jun 16 18:48:23 WIB 2018	[MODEL_BUILDER_FIT 4] : building INDIANAPOLIS_PRESSURE
Sat Jun 16 18:48:23 WIB 2018	[MODEL_BUILDER_FIT 5] : INDIANAPOLIS_HUMIDITY model ARIMA (1, 0, 5) has been build, time: 334
Sat Jun 16 18:48:23 WIB 2018	[MODEL_BUILDER_FIT 5] : building INDIANAPOLIS_WIND_SPEED
Sat Jun 16 18:48:23 WIB 2018	[MODEL_BUILDER_FIT 5] : INDIANAPOLIS_WIND_SPEED model ARIMA (0, 1, 1) has been build, time: 20
Sat Jun 16 18:48:23 WIB 2018	[MODEL_BUILDER_FIT 3] : LOS ANGELES_HUMIDITY model ARIMA (7, 1, 6) has been build, time: 7183
Sat Jun 16 18:48:23 WIB 2018	[MODEL_BUILDER_FIT 5] : building INDIANAPOLIS_WIND_DIRECTION
Sat Jun 16 18:48:23 WIB 2018	[MODEL_BUILDER_FIT 3] : building ATLANTA_TEMPERATURE
Sat Jun 16 18:48:23 WIB 2018	[MODEL_BUILDER_FIT 3] : ATLANTA_TEMPERATURE model ARIMA (1, 1, 0) has been build, time: 12
Sat Jun 16 18:48:23 WIB 2018	[MODEL_BUILDER_FIT 3] : building ATLANTA_HUMIDITY
Sat Jun 16 18:48:23 WIB 2018	[DATA_PRODUCER_FIT 1] : put NEW YORK_TEMPERATURE to queue
Sat Jun 16 18:48:23 WIB 2018	[DATA_PRODUCER_FIT 1] : put NEW YORK_HUMIDITY to queue
Sat Jun 16 18:48:23 WIB 2018	[DATA_PRODUCER_FIT 1] : put NEW YORK_PRESSURE to queue
Sat Jun 16 18:48:23 WIB 2018	[DATA_PRODUCER_FIT 1] : put NEW YORK_WIND_SPEED to queue
Sat Jun 16 18:48:23 WIB 2018	[DATA_PRODUCER_FIT 1] : put NEW YORK_WIND_DIRECTION to queue
Sat Jun 16 18:48:23 WIB 2018	[MODEL_BUILDER_FIT 1] : NASHVILLE_WIND_SPEED model ARIMA (2, 0, 5) has been build, time: 1028
Sat Jun 16 18:48:23 WIB 2018	[MODEL_BUILDER_FIT 1] : building ATLANTA_PRESSURE
Sat Jun 16 18:48:23 WIB 2018	[MODEL_BUILDER_FIT 1] : ATLANTA_PRESSURE model ARIMA (0, 1, 1) has been build, time: 9
Sat Jun 16 18:48:23 WIB 2018	[MODEL_BUILDER_FIT 1] : building ATLANTA_WIND_SPEED
Sat Jun 16 18:48:23 WIB 2018	[MODEL_BUILDER_FIT 1] : ATLANTA_WIND_SPEED model ARIMA (2, 0, 0) has been build, time: 52
Sat Jun 16 18:48:23 WIB 2018	[MODEL_BUILDER_FIT 1] : building ATLANTA_WIND_DIRECTION
Sat Jun 16 18:48:23 WIB 2018	[MODEL_BUILDER_FIT 1] : ATLANTA_WIND_DIRECTION model ARIMA (1, 0, 1) has been build, time: 79
Sat Jun 16 18:48:23 WIB 2018	[MODEL_BUILDER_FIT 1] : building DETROIT_TEMPERATURE
Sat Jun 16 18:48:23 WIB 2018	[DATA_PRODUCER_FIT 1] : put MONTREAL_TEMPERATURE to queue
Sat Jun 16 18:48:23 WIB 2018	[DATA_PRODUCER_FIT 1] : put MONTREAL_HUMIDITY to queue
Sat Jun 16 18:48:23 WIB 2018	[DATA_PRODUCER_FIT 1] : put MONTREAL_PRESSURE to queue
Sat Jun 16 18:48:23 WIB 2018	[DATA_PRODUCER_FIT 1] : put MONTREAL_WIND_SPEED to queue
Sat Jun 16 18:48:23 WIB 2018	[DATA_PRODUCER_FIT 1] : put MONTREAL_WIND_DIRECTION to queue
Sat Jun 16 18:48:24 WIB 2018	[DATA_PRODUCER_FIT 1] : put BOSTON_TEMPERATURE to queue
Sat Jun 16 18:48:24 WIB 2018	[DATA_PRODUCER_FIT 1] : put BOSTON_HUMIDITY to queue
Sat Jun 16 18:48:24 WIB 2018	[DATA_PRODUCER_FIT 1] : put BOSTON_PRESSURE to queue
Sat Jun 16 18:48:24 WIB 2018	[DATA_PRODUCER_FIT 1] : put BOSTON_WIND_SPEED to queue
Sat Jun 16 18:48:24 WIB 2018	[DATA_PRODUCER_FIT 1] : put BOSTON_WIND_DIRECTION to queue
Sat Jun 16 18:48:24 WIB 2018	[MODEL_BUILDER_FIT 1] : DETROIT_TEMPERATURE model ARIMA (2, 1, 4) has been build, time: 508
Sat Jun 16 18:48:24 WIB 2018	[MODEL_BUILDER_FIT 1] : building DETROIT_HUMIDITY
Sat Jun 16 18:48:24 WIB 2018	[MODEL_BUILDER_FIT 5] : INDIANAPOLIS_WIND_DIRECTION model ARIMA (1, 0, 7) has been build, time: 879
Sat Jun 16 18:48:24 WIB 2018	[MODEL_BUILDER_FIT 5] : building DETROIT_PRESSURE
Sat Jun 16 18:48:24 WIB 2018	[MODEL_BUILDER_FIT 5] : DETROIT_PRESSURE model ARIMA (1, 1, 0) has been build, time: 6
Sat Jun 16 18:48:24 WIB 2018	[MODEL_BUILDER_FIT 5] : building DETROIT_WIND_SPEED
Sat Jun 16 18:48:24 WIB 2018	[MODEL_BUILDER_FIT 5] : DETROIT_WIND_SPEED model ARIMA (1, 1, 1) has been build, time: 30
Sat Jun 16 18:48:24 WIB 2018	[MODEL_BUILDER_FIT 5] : building DETROIT_WIND_DIRECTION
Sat Jun 16 18:48:24 WIB 2018	[MODEL_BUILDER_FIT 3] : ATLANTA_HUMIDITY model ARIMA (2, 0, 6) has been build, time: 975
Sat Jun 16 18:48:24 WIB 2018	[MODEL_BUILDER_FIT 3] : building JACKSONVILLE_TEMPERATURE
Sat Jun 16 18:48:24 WIB 2018	[MODEL_BUILDER_FIT 5] : DETROIT_WIND_DIRECTION model ARIMA (3, 1, 1) has been build, time: 107
Sat Jun 16 18:48:24 WIB 2018	[MODEL_BUILDER_FIT 5] : building JACKSONVILLE_HUMIDITY
Sat Jun 16 18:48:24 WIB 2018	[MODEL_BUILDER_FIT 5] : JACKSONVILLE_HUMIDITY model ARIMA (0, 1, 2) has been build, time: 18
Sat Jun 16 18:48:24 WIB 2018	[MODEL_BUILDER_FIT 5] : building JACKSONVILLE_PRESSURE
Sat Jun 16 18:48:24 WIB 2018	[MODEL_BUILDER_FIT 3] : JACKSONVILLE_TEMPERATURE model ARIMA (1, 1, 3) has been build, time: 86
Sat Jun 16 18:48:24 WIB 2018	[MODEL_BUILDER_FIT 3] : building JACKSONVILLE_WIND_SPEED
Sat Jun 16 18:48:24 WIB 2018	[MODEL_BUILDER_FIT 5] : JACKSONVILLE_PRESSURE model ARIMA (1, 1, 1) has been build, time: 53
Sat Jun 16 18:48:24 WIB 2018	[MODEL_BUILDER_FIT 5] : building JACKSONVILLE_WIND_DIRECTION
Sat Jun 16 18:48:24 WIB 2018	[DATA_PRODUCER_FIT 1] : put BEERSHEBA_TEMPERATURE to queue
Sat Jun 16 18:48:24 WIB 2018	[DATA_PRODUCER_FIT 1] : put BEERSHEBA_HUMIDITY to queue
Sat Jun 16 18:48:24 WIB 2018	[DATA_PRODUCER_FIT 1] : put BEERSHEBA_PRESSURE to queue
Sat Jun 16 18:48:24 WIB 2018	[DATA_PRODUCER_FIT 1] : put BEERSHEBA_WIND_SPEED to queue
Sat Jun 16 18:48:24 WIB 2018	[DATA_PRODUCER_FIT 1] : put BEERSHEBA_WIND_DIRECTION to queue
Sat Jun 16 18:48:24 WIB 2018	[MODEL_BUILDER_FIT 3] : JACKSONVILLE_WIND_SPEED model ARIMA (2, 1, 1) has been build, time: 74
Sat Jun 16 18:48:24 WIB 2018	[MODEL_BUILDER_FIT 3] : building CHARLOTTE_TEMPERATURE
Sat Jun 16 18:48:24 WIB 2018	[MODEL_BUILDER_FIT 3] : CHARLOTTE_TEMPERATURE model ARIMA (1, 1, 0) has been build, time: 8
Sat Jun 16 18:48:24 WIB 2018	[MODEL_BUILDER_FIT 3] : building CHARLOTTE_HUMIDITY
Sat Jun 16 18:48:24 WIB 2018	[DATA_PRODUCER_FIT 1] : put TEL AVIV DISTRICT_TEMPERATURE to queue
Sat Jun 16 18:48:24 WIB 2018	[DATA_PRODUCER_FIT 1] : put TEL AVIV DISTRICT_HUMIDITY to queue
Sat Jun 16 18:48:24 WIB 2018	[DATA_PRODUCER_FIT 1] : put TEL AVIV DISTRICT_PRESSURE to queue
Sat Jun 16 18:48:24 WIB 2018	[DATA_PRODUCER_FIT 1] : put TEL AVIV DISTRICT_WIND_SPEED to queue
Sat Jun 16 18:48:24 WIB 2018	[DATA_PRODUCER_FIT 1] : put TEL AVIV DISTRICT_WIND_DIRECTION to queue
Sat Jun 16 18:48:25 WIB 2018	[MODEL_BUILDER_FIT 5] : JACKSONVILLE_WIND_DIRECTION model ARIMA (2, 0, 5) has been build, time: 688
Sat Jun 16 18:48:25 WIB 2018	[MODEL_BUILDER_FIT 5] : building CHARLOTTE_PRESSURE
Sat Jun 16 18:48:25 WIB 2018	[MODEL_BUILDER_FIT 5] : CHARLOTTE_PRESSURE model ARIMA (1, 1, 1) has been build, time: 36
Sat Jun 16 18:48:25 WIB 2018	[MODEL_BUILDER_FIT 5] : building CHARLOTTE_WIND_SPEED
Sat Jun 16 18:48:25 WIB 2018	[DATA_PRODUCER_FIT 1] : put EILAT_TEMPERATURE to queue
Sat Jun 16 18:48:25 WIB 2018	[DATA_PRODUCER_FIT 1] : put EILAT_HUMIDITY to queue
Sat Jun 16 18:48:25 WIB 2018	[DATA_PRODUCER_FIT 1] : put EILAT_PRESSURE to queue
Sat Jun 16 18:48:25 WIB 2018	[DATA_PRODUCER_FIT 1] : put EILAT_WIND_SPEED to queue
Sat Jun 16 18:48:25 WIB 2018	[DATA_PRODUCER_FIT 1] : put EILAT_WIND_DIRECTION to queue
Sat Jun 16 18:48:25 WIB 2018	[MODEL_BUILDER_FIT 1] : DETROIT_HUMIDITY model ARIMA (2, 0, 6) has been build, time: 1032
Sat Jun 16 18:48:25 WIB 2018	[MODEL_BUILDER_FIT 1] : building CHARLOTTE_WIND_DIRECTION
Sat Jun 16 18:48:25 WIB 2018	[MODEL_BUILDER_FIT 1] : CHARLOTTE_WIND_DIRECTION model ARIMA (1, 0, 1) has been build, time: 52
Sat Jun 16 18:48:25 WIB 2018	[MODEL_BUILDER_FIT 1] : building MIAMI_TEMPERATURE
Sat Jun 16 18:48:25 WIB 2018	[MODEL_BUILDER_FIT 5] : CHARLOTTE_WIND_SPEED model ARIMA (2, 1, 1) has been build, time: 174
Sat Jun 16 18:48:25 WIB 2018	[MODEL_BUILDER_FIT 5] : building MIAMI_HUMIDITY
Sat Jun 16 18:48:25 WIB 2018	[MODEL_BUILDER_FIT 5] : MIAMI_HUMIDITY model ARIMA (1, 1, 0) has been build, time: 9
Sat Jun 16 18:48:25 WIB 2018	[MODEL_BUILDER_FIT 5] : building MIAMI_PRESSURE
Sat Jun 16 18:48:25 WIB 2018	[MODEL_BUILDER_FIT 1] : MIAMI_TEMPERATURE model ARIMA (1, 1, 4) has been build, time: 168
Sat Jun 16 18:48:25 WIB 2018	[MODEL_BUILDER_FIT 1] : building MIAMI_WIND_SPEED
Sat Jun 16 18:48:25 WIB 2018	[DATA_PRODUCER_FIT 1] : put HAIFA_TEMPERATURE to queue
Sat Jun 16 18:48:25 WIB 2018	[DATA_PRODUCER_FIT 1] : put HAIFA_HUMIDITY to queue
Sat Jun 16 18:48:25 WIB 2018	[DATA_PRODUCER_FIT 1] : put HAIFA_PRESSURE to queue
Sat Jun 16 18:48:25 WIB 2018	[DATA_PRODUCER_FIT 1] : put HAIFA_WIND_SPEED to queue
Sat Jun 16 18:48:25 WIB 2018	[DATA_PRODUCER_FIT 1] : put HAIFA_WIND_DIRECTION to queue
Sat Jun 16 18:48:25 WIB 2018	[MODEL_BUILDER_FIT 1] : MIAMI_WIND_SPEED model ARIMA (1, 0, 2) has been build, time: 80
Sat Jun 16 18:48:25 WIB 2018	[MODEL_BUILDER_FIT 1] : building MIAMI_WIND_DIRECTION
Sat Jun 16 18:48:25 WIB 2018	[MODEL_BUILDER_FIT 1] : MIAMI_WIND_DIRECTION model ARIMA (2, 1, 1) has been build, time: 33
Sat Jun 16 18:48:25 WIB 2018	[MODEL_BUILDER_FIT 1] : building PITTSBURGH_TEMPERATURE
Sat Jun 16 18:48:25 WIB 2018	[MODEL_BUILDER_FIT 1] : PITTSBURGH_TEMPERATURE model ARIMA (1, 1, 4) has been build, time: 95
Sat Jun 16 18:48:25 WIB 2018	[MODEL_BUILDER_FIT 1] : building PITTSBURGH_HUMIDITY
Sat Jun 16 18:48:25 WIB 2018	[MODEL_BUILDER_FIT 1] : PITTSBURGH_HUMIDITY model ARIMA (1, 0, 5) has been build, time: 238
Sat Jun 16 18:48:25 WIB 2018	[MODEL_BUILDER_FIT 1] : building PITTSBURGH_PRESSURE
Sat Jun 16 18:48:26 WIB 2018	[MODEL_BUILDER_FIT 1] : PITTSBURGH_PRESSURE model ARIMA (1, 1, 0) has been build, time: 7
Sat Jun 16 18:48:26 WIB 2018	[MODEL_BUILDER_FIT 1] : building PITTSBURGH_WIND_SPEED
Sat Jun 16 18:48:26 WIB 2018	[DATA_PRODUCER_FIT 1] : put NAHARIYYA_TEMPERATURE to queue
Sat Jun 16 18:48:26 WIB 2018	[DATA_PRODUCER_FIT 1] : put NAHARIYYA_HUMIDITY to queue
Sat Jun 16 18:48:26 WIB 2018	[DATA_PRODUCER_FIT 1] : put NAHARIYYA_PRESSURE to queue
Sat Jun 16 18:48:26 WIB 2018	[DATA_PRODUCER_FIT 1] : put NAHARIYYA_WIND_SPEED to queue
Sat Jun 16 18:48:26 WIB 2018	[DATA_PRODUCER_FIT 1] : put NAHARIYYA_WIND_DIRECTION to queue
Sat Jun 16 18:48:26 WIB 2018	[MODEL_BUILDER_FIT 5] : MIAMI_PRESSURE model ARIMA (2, 1, 2) has been build, time: 672
Sat Jun 16 18:48:26 WIB 2018	[MODEL_BUILDER_FIT 5] : building PITTSBURGH_WIND_DIRECTION
Sat Jun 16 18:48:26 WIB 2018	[MODEL_BUILDER_FIT 1] : PITTSBURGH_WIND_SPEED model ARIMA (2, 1, 1) has been build, time: 113
Sat Jun 16 18:48:26 WIB 2018	[MODEL_BUILDER_FIT 1] : building TORONTO_TEMPERATURE
Sat Jun 16 18:48:26 WIB 2018	[MODEL_BUILDER_FIT 1] : TORONTO_TEMPERATURE model ARIMA (2, 1, 0) has been build, time: 32
Sat Jun 16 18:48:26 WIB 2018	[MODEL_BUILDER_FIT 1] : building TORONTO_HUMIDITY
Sat Jun 16 18:48:26 WIB 2018	[MODEL_BUILDER_FIT 5] : PITTSBURGH_WIND_DIRECTION model ARIMA (1, 1, 1) has been build, time: 56
Sat Jun 16 18:48:26 WIB 2018	[MODEL_BUILDER_FIT 5] : building TORONTO_PRESSURE
Sat Jun 16 18:48:26 WIB 2018	[MODEL_BUILDER_FIT 1] : TORONTO_HUMIDITY model ARIMA (1, 1, 1) has been build, time: 83
Sat Jun 16 18:48:26 WIB 2018	[MODEL_BUILDER_FIT 1] : building TORONTO_WIND_SPEED
Sat Jun 16 18:48:26 WIB 2018	[MODEL_BUILDER_FIT 5] : TORONTO_PRESSURE model ARIMA (3, 1, 1) has been build, time: 147
Sat Jun 16 18:48:26 WIB 2018	[MODEL_BUILDER_FIT 5] : building TORONTO_WIND_DIRECTION
Sat Jun 16 18:48:26 WIB 2018	[MODEL_BUILDER_FIT 1] : TORONTO_WIND_SPEED model ARIMA (1, 1, 2) has been build, time: 155
Sat Jun 16 18:48:26 WIB 2018	[MODEL_BUILDER_FIT 1] : building PHILADELPHIA_TEMPERATURE
Sat Jun 16 18:48:26 WIB 2018	[DATA_PRODUCER_FIT 1] : put JERUSALEM_TEMPERATURE to queue
Sat Jun 16 18:48:26 WIB 2018	[DATA_PRODUCER_FIT 1] : put JERUSALEM_HUMIDITY to queue
Sat Jun 16 18:48:26 WIB 2018	[DATA_PRODUCER_FIT 1] : put JERUSALEM_PRESSURE to queue
Sat Jun 16 18:48:26 WIB 2018	[DATA_PRODUCER_FIT 1] : put JERUSALEM_WIND_SPEED to queue
Sat Jun 16 18:48:26 WIB 2018	[DATA_PRODUCER_FIT 1] : put JERUSALEM_WIND_DIRECTION to queue
Sat Jun 16 18:48:26 WIB 2018	[DATA_PRODUCER_FIT 1] : All fitting set has been put to queue
Sat Jun 16 18:48:26 WIB 2018	[MODEL_BUILDER_FIT 1] : PHILADELPHIA_TEMPERATURE model ARIMA (2, 1, 4) has been build, time: 462
Sat Jun 16 18:48:26 WIB 2018	[MODEL_BUILDER_FIT 1] : building PHILADELPHIA_HUMIDITY
Sat Jun 16 18:48:26 WIB 2018	[MODEL_BUILDER_FIT 1] : PHILADELPHIA_HUMIDITY model ARIMA (0, 1, 1) has been build, time: 9
Sat Jun 16 18:48:26 WIB 2018	[MODEL_BUILDER_FIT 1] : building PHILADELPHIA_PRESSURE
Sat Jun 16 18:48:26 WIB 2018	[MODEL_BUILDER_FIT 4] : INDIANAPOLIS_PRESSURE model ARIMA (7, 1, 6) has been build, time: 3722
Sat Jun 16 18:48:26 WIB 2018	[MODEL_BUILDER_FIT 4] : building PHILADELPHIA_WIND_SPEED
Sat Jun 16 18:48:26 WIB 2018	[MODEL_BUILDER_FIT 4] : PHILADELPHIA_WIND_SPEED model ARIMA (3, 1, 1) has been build, time: 70
Sat Jun 16 18:48:26 WIB 2018	[MODEL_BUILDER_FIT 4] : building PHILADELPHIA_WIND_DIRECTION
Sat Jun 16 18:48:26 WIB 2018	[MODEL_BUILDER_FIT 4] : PHILADELPHIA_WIND_DIRECTION model ARIMA (0, 1, 1) has been build, time: 9
Sat Jun 16 18:48:26 WIB 2018	[MODEL_BUILDER_FIT 4] : building NEW YORK_TEMPERATURE
Sat Jun 16 18:48:27 WIB 2018	[MODEL_BUILDER_FIT 1] : PHILADELPHIA_PRESSURE model ARIMA (1, 2, 1) has been build, time: 135
Sat Jun 16 18:48:27 WIB 2018	[MODEL_BUILDER_FIT 1] : building NEW YORK_HUMIDITY
Sat Jun 16 18:48:27 WIB 2018	[MODEL_BUILDER_FIT 1] : NEW YORK_HUMIDITY model ARIMA (1, 1, 1) has been build, time: 20
Sat Jun 16 18:48:27 WIB 2018	[MODEL_BUILDER_FIT 1] : building NEW YORK_PRESSURE
Sat Jun 16 18:48:27 WIB 2018	[MODEL_BUILDER_FIT 4] : NEW YORK_TEMPERATURE model ARIMA (1, 1, 4) has been build, time: 169
Sat Jun 16 18:48:27 WIB 2018	[MODEL_BUILDER_FIT 4] : building NEW YORK_WIND_SPEED
Sat Jun 16 18:48:27 WIB 2018	[MODEL_BUILDER_FIT 1] : NEW YORK_PRESSURE model ARIMA (2, 2, 1) has been build, time: 123
Sat Jun 16 18:48:27 WIB 2018	[MODEL_BUILDER_FIT 1] : building NEW YORK_WIND_DIRECTION
Sat Jun 16 18:48:27 WIB 2018	[MODEL_BUILDER_FIT 5] : TORONTO_WIND_DIRECTION model ARIMA (2, 1, 3) has been build, time: 876
Sat Jun 16 18:48:27 WIB 2018	[MODEL_BUILDER_FIT 5] : building MONTREAL_TEMPERATURE
Sat Jun 16 18:48:27 WIB 2018	[MODEL_BUILDER_FIT 4] : NEW YORK_WIND_SPEED model ARIMA (1, 1, 1) has been build, time: 32
Sat Jun 16 18:48:27 WIB 2018	[MODEL_BUILDER_FIT 4] : building MONTREAL_HUMIDITY
Sat Jun 16 18:48:27 WIB 2018	[MODEL_BUILDER_FIT 4] : MONTREAL_HUMIDITY model ARIMA (1, 1, 1) has been build, time: 62
Sat Jun 16 18:48:27 WIB 2018	[MODEL_BUILDER_FIT 4] : building MONTREAL_PRESSURE
Sat Jun 16 18:48:27 WIB 2018	[MODEL_BUILDER_FIT 1] : NEW YORK_WIND_DIRECTION model ARIMA (3, 1, 1) has been build, time: 93
Sat Jun 16 18:48:27 WIB 2018	[MODEL_BUILDER_FIT 1] : building MONTREAL_WIND_SPEED
Sat Jun 16 18:48:27 WIB 2018	[MODEL_BUILDER_FIT 1] : MONTREAL_WIND_SPEED model ARIMA (1, 1, 1) has been build, time: 24
Sat Jun 16 18:48:27 WIB 2018	[MODEL_BUILDER_FIT 1] : building MONTREAL_WIND_DIRECTION
Sat Jun 16 18:48:27 WIB 2018	[MODEL_BUILDER_FIT 4] : MONTREAL_PRESSURE model ARIMA (1, 1, 1) has been build, time: 36
Sat Jun 16 18:48:27 WIB 2018	[MODEL_BUILDER_FIT 4] : building BOSTON_TEMPERATURE
Sat Jun 16 18:48:27 WIB 2018	[MODEL_BUILDER_FIT 1] : MONTREAL_WIND_DIRECTION model ARIMA (2, 1, 1) has been build, time: 32
Sat Jun 16 18:48:27 WIB 2018	[MODEL_BUILDER_FIT 1] : building BOSTON_HUMIDITY
Sat Jun 16 18:48:27 WIB 2018	[MODEL_BUILDER_FIT 1] : BOSTON_HUMIDITY model ARIMA (1, 1, 1) has been build, time: 48
Sat Jun 16 18:48:27 WIB 2018	[MODEL_BUILDER_FIT 1] : building BOSTON_PRESSURE
Sat Jun 16 18:48:27 WIB 2018	[MODEL_BUILDER_FIT 5] : MONTREAL_TEMPERATURE model ARIMA (2, 1, 2) has been build, time: 220
Sat Jun 16 18:48:27 WIB 2018	[MODEL_BUILDER_FIT 4] : BOSTON_TEMPERATURE model ARIMA (1, 1, 3) has been build, time: 110
Sat Jun 16 18:48:27 WIB 2018	[MODEL_BUILDER_FIT 5] : building BOSTON_WIND_SPEED
Sat Jun 16 18:48:27 WIB 2018	[MODEL_BUILDER_FIT 4] : building BOSTON_WIND_DIRECTION
Sat Jun 16 18:48:27 WIB 2018	[MODEL_BUILDER_FIT 1] : BOSTON_PRESSURE model ARIMA (1, 1, 1) has been build, time: 79
Sat Jun 16 18:48:27 WIB 2018	[MODEL_BUILDER_FIT 1] : building BEERSHEBA_TEMPERATURE
Sat Jun 16 18:48:27 WIB 2018	[MODEL_BUILDER_FIT 4] : BOSTON_WIND_DIRECTION model ARIMA (3, 1, 1) has been build, time: 107
Sat Jun 16 18:48:27 WIB 2018	[MODEL_BUILDER_FIT 4] : building BEERSHEBA_HUMIDITY
Sat Jun 16 18:48:27 WIB 2018	[MODEL_BUILDER_FIT 5] : BOSTON_WIND_SPEED model ARIMA (1, 1, 2) has been build, time: 127
Sat Jun 16 18:48:27 WIB 2018	[MODEL_BUILDER_FIT 5] : building BEERSHEBA_PRESSURE
Sat Jun 16 18:48:27 WIB 2018	[MODEL_BUILDER_FIT 5] : BEERSHEBA_PRESSURE model ARIMA (1, 1, 3) has been build, time: 58
Sat Jun 16 18:48:27 WIB 2018	[MODEL_BUILDER_FIT 5] : building BEERSHEBA_WIND_SPEED
Sat Jun 16 18:48:27 WIB 2018	[MODEL_BUILDER_FIT 1] : BEERSHEBA_TEMPERATURE model ARIMA (2, 0, 5) has been build, time: 201
Sat Jun 16 18:48:27 WIB 2018	[MODEL_BUILDER_FIT 1] : building BEERSHEBA_WIND_DIRECTION
Sat Jun 16 18:48:27 WIB 2018	[MODEL_BUILDER_FIT 1] : BEERSHEBA_WIND_DIRECTION model ARIMA (3, 1, 1) has been build, time: 80
Sat Jun 16 18:48:27 WIB 2018	[MODEL_BUILDER_FIT 1] : building TEL AVIV DISTRICT_TEMPERATURE
Sat Jun 16 18:48:27 WIB 2018	[MODEL_BUILDER_FIT 2] : SAN ANTONIO_HUMIDITY model ARIMA (6, 1, 6) has been build, time: 8495
Sat Jun 16 18:48:27 WIB 2018	[MODEL_BUILDER_FIT 2] : building TEL AVIV DISTRICT_HUMIDITY
Sat Jun 16 18:48:27 WIB 2018	[MODEL_BUILDER_FIT 5] : BEERSHEBA_WIND_SPEED model ARIMA (3, 0, 3) has been build, time: 320
Sat Jun 16 18:48:27 WIB 2018	[MODEL_BUILDER_FIT 5] : building TEL AVIV DISTRICT_PRESSURE
Sat Jun 16 18:48:27 WIB 2018	[MODEL_BUILDER_FIT 1] : TEL AVIV DISTRICT_TEMPERATURE model ARIMA (1, 0, 5) has been build, time: 209
Sat Jun 16 18:48:27 WIB 2018	[MODEL_BUILDER_FIT 1] : building TEL AVIV DISTRICT_WIND_SPEED
Sat Jun 16 18:48:27 WIB 2018	[MODEL_BUILDER_FIT 1] : TEL AVIV DISTRICT_WIND_SPEED model ARIMA (2, 0, 0) has been build, time: 23
Sat Jun 16 18:48:27 WIB 2018	[MODEL_BUILDER_FIT 1] : building TEL AVIV DISTRICT_WIND_DIRECTION
Sat Jun 16 18:48:28 WIB 2018	[MODEL_BUILDER_FIT 5] : TEL AVIV DISTRICT_PRESSURE model ARIMA (1, 0, 4) has been build, time: 95
Sat Jun 16 18:48:28 WIB 2018	[MODEL_BUILDER_FIT 5] : building EILAT_TEMPERATURE
Sat Jun 16 18:48:28 WIB 2018	[MODEL_BUILDER_FIT 4] : BEERSHEBA_HUMIDITY model ARIMA (2, 1, 2) has been build, time: 887
Sat Jun 16 18:48:28 WIB 2018	[MODEL_BUILDER_FIT 4] : building EILAT_HUMIDITY
Sat Jun 16 18:48:28 WIB 2018	[MODEL_BUILDER_FIT 4] : EILAT_HUMIDITY model ARIMA (3, 1, 0) has been build, time: 31
Sat Jun 16 18:48:28 WIB 2018	[MODEL_BUILDER_FIT 4] : building EILAT_PRESSURE
Sat Jun 16 18:48:28 WIB 2018	[MODEL_BUILDER_FIT 4] : EILAT_PRESSURE model ARIMA (2, 1, 3) has been build, time: 213
Sat Jun 16 18:48:28 WIB 2018	[MODEL_BUILDER_FIT 4] : building EILAT_WIND_SPEED
Sat Jun 16 18:48:28 WIB 2018	[MODEL_BUILDER_FIT 5] : EILAT_TEMPERATURE model ARIMA (2, 0, 6) has been build, time: 733
Sat Jun 16 18:48:28 WIB 2018	[MODEL_BUILDER_FIT 5] : building EILAT_WIND_DIRECTION
Sat Jun 16 18:48:28 WIB 2018	[MODEL_BUILDER_FIT 5] : EILAT_WIND_DIRECTION model ARIMA (1, 0, 3) has been build, time: 194
Sat Jun 16 18:48:28 WIB 2018	[MODEL_BUILDER_FIT 5] : building HAIFA_TEMPERATURE
Sat Jun 16 18:48:29 WIB 2018	[MODEL_BUILDER_FIT 3] : CHARLOTTE_HUMIDITY model ARIMA (4, 1, 8) has been build, time: 4479
Sat Jun 16 18:48:29 WIB 2018	[MODEL_BUILDER_FIT 3] : building HAIFA_HUMIDITY
Sat Jun 16 18:48:29 WIB 2018	[MODEL_BUILDER_FIT 1] : TEL AVIV DISTRICT_WIND_DIRECTION model ARIMA (2, 0, 5) has been build, time: 1995
Sat Jun 16 18:48:29 WIB 2018	[MODEL_BUILDER_FIT 1] : building HAIFA_PRESSURE
Sat Jun 16 18:48:30 WIB 2018	[MODEL_BUILDER_FIT 3] : HAIFA_HUMIDITY model ARIMA (6, 1, 5) has been build, time: 947
Sat Jun 16 18:48:30 WIB 2018	[MODEL_BUILDER_FIT 3] : building HAIFA_WIND_SPEED
Sat Jun 16 18:48:30 WIB 2018	[MODEL_BUILDER_FIT 3] : HAIFA_WIND_SPEED model ARIMA (0, 1, 6) has been build, time: 206
Sat Jun 16 18:48:30 WIB 2018	[MODEL_BUILDER_FIT 3] : building HAIFA_WIND_DIRECTION
Sat Jun 16 18:48:30 WIB 2018	[MODEL_BUILDER_FIT 4] : EILAT_WIND_SPEED model ARIMA (2, 0, 5) has been build, time: 1731
Sat Jun 16 18:48:30 WIB 2018	[MODEL_BUILDER_FIT 4] : building NAHARIYYA_TEMPERATURE
Sat Jun 16 18:48:30 WIB 2018	[MODEL_BUILDER_FIT 3] : HAIFA_WIND_DIRECTION model ARIMA (0, 1, 6) has been build, time: 316
Sat Jun 16 18:48:30 WIB 2018	[MODEL_BUILDER_FIT 3] : building NAHARIYYA_HUMIDITY
Sat Jun 16 18:48:31 WIB 2018	[MODEL_BUILDER_FIT 3] : NAHARIYYA_HUMIDITY model ARIMA (6, 1, 6) has been build, time: 744
Sat Jun 16 18:48:31 WIB 2018	[MODEL_BUILDER_FIT 3] : building NAHARIYYA_PRESSURE
Sat Jun 16 18:48:31 WIB 2018	[MODEL_BUILDER_FIT 1] : HAIFA_PRESSURE model ARIMA (8, 0, 8) has been build, time: 1318
Sat Jun 16 18:48:31 WIB 2018	[MODEL_BUILDER_FIT 1] : building NAHARIYYA_WIND_SPEED
Sat Jun 16 18:48:31 WIB 2018	[MODEL_BUILDER_FIT 1] : NAHARIYYA_WIND_SPEED model ARIMA (0, 1, 6) has been build, time: 198
Sat Jun 16 18:48:31 WIB 2018	[MODEL_BUILDER_FIT 1] : building NAHARIYYA_WIND_DIRECTION
Sat Jun 16 18:48:31 WIB 2018	[MODEL_BUILDER_FIT 1] : NAHARIYYA_WIND_DIRECTION model ARIMA (0, 1, 6) has been build, time: 218
Sat Jun 16 18:48:31 WIB 2018	[MODEL_BUILDER_FIT 1] : building JERUSALEM_TEMPERATURE
Sat Jun 16 18:48:32 WIB 2018	[MODEL_BUILDER_FIT 5] : HAIFA_TEMPERATURE model ARIMA (4, 1, 8) has been build, time: 3501
Sat Jun 16 18:48:32 WIB 2018	[MODEL_BUILDER_FIT 5] : building JERUSALEM_HUMIDITY
Sat Jun 16 18:48:32 WIB 2018	[MODEL_BUILDER_FIT 3] : NAHARIYYA_PRESSURE model ARIMA (8, 0, 8) has been build, time: 1497
Sat Jun 16 18:48:32 WIB 2018	[MODEL_BUILDER_FIT 3] : building JERUSALEM_PRESSURE
Sat Jun 16 18:48:36 WIB 2018	[MODEL_BUILDER_FIT 2] : TEL AVIV DISTRICT_HUMIDITY model ARIMA (4, 1, 8) has been build, time: 8609
Sat Jun 16 18:48:36 WIB 2018	[MODEL_BUILDER_FIT 2] : building JERUSALEM_WIND_SPEED
Sat Jun 16 18:48:36 WIB 2018	[MODEL_BUILDER_FIT 3] : JERUSALEM_PRESSURE model ARIMA (7, 1, 6) has been build, time: 4004
Sat Jun 16 18:48:36 WIB 2018	[MODEL_BUILDER_FIT 3] : building JERUSALEM_WIND_DIRECTION
Sat Jun 16 18:48:37 WIB 2018	[MODEL_BUILDER_FIT 2] : JERUSALEM_WIND_SPEED model ARIMA (1, 1, 6) has been build, time: 558
Sat Jun 16 18:48:37 WIB 2018	[MODEL_BUILDER_FIT 2] : waiting for task, current time ms: 1529149717056
Sat Jun 16 18:48:38 WIB 2018	[MODEL_BUILDER_FIT 3] : JERUSALEM_WIND_DIRECTION model ARIMA (6, 1, 6) has been build, time: 1315
Sat Jun 16 18:48:38 WIB 2018	[MODEL_BUILDER_FIT 3] : waiting for task, current time ms: 1529149718090
Sat Jun 16 18:48:38 WIB 2018	[MODEL_BUILDER_FIT 5] : JERUSALEM_HUMIDITY model ARIMA (8, 1, 8) has been build, time: 6514
Sat Jun 16 18:48:38 WIB 2018	[MODEL_BUILDER_FIT 5] : waiting for task, current time ms: 1529149718994
Sat Jun 16 18:48:39 WIB 2018	[MODEL_BUILDER_FIT 4] : NAHARIYYA_TEMPERATURE model ARIMA (7, 1, 7) has been build, time: 9372
Sat Jun 16 18:48:39 WIB 2018	[MODEL_BUILDER_FIT 4] : waiting for task, current time ms: 1529149719782
Sat Jun 16 18:48:40 WIB 2018	[MODEL_BUILDER_FIT 1] : JERUSALEM_TEMPERATURE model ARIMA (8, 1, 8) has been build, time: 8324
Sat Jun 16 18:48:40 WIB 2018	[MODEL_BUILDER_FIT 1] : waiting for task, current time ms: 1529149720047
